2025-11-16 23:07:38 [info]: Servidor ejecutándose en http://localhost:8000
2025-11-16 23:07:54 [info]: Servidor ejecutándose en http://localhost:8000
2025-11-16 23:10:47 [info]: Servidor ejecutándose en http://localhost:8000
2025-11-16 23:11:25 [info]: GET / 200 - 43ms
2025-11-16 23:11:25 [info]: GET /static/bootstrap-icons/bootstrap-icons.css 304 - 4ms
2025-11-16 23:11:25 [info]: GET /static/css/style.css 304 - 3ms
2025-11-16 23:11:25 [info]: GET /static/js/search.js 304 - 1ms
2025-11-16 23:11:25 [info]: GET /static/js/carrito.js 304 - 1ms
2025-11-16 23:11:26 [info]: GET /static/bootstrap-icons/fonts/bootstrap-icons.woff2?e34853135f9e39acf64315236852cd5a 304 - 0ms
2025-11-16 23:11:30 [info]: GET /productos 200 - 16ms
2025-11-16 23:11:30 [info]: GET /static/bootstrap-icons/bootstrap-icons.css 304 - 0ms
2025-11-16 23:11:30 [info]: GET /static/css/style.css 304 - 2ms
2025-11-16 23:11:30 [info]: GET /static/js/search.js 304 - 1ms
2025-11-16 23:11:30 [info]: GET /static/js/carrito.js 304 - 2ms
2025-11-16 23:11:30 [info]: GET /static/js/lazy-loading.js 304 - 2ms
2025-11-16 23:11:30 [info]: GET /static/bootstrap-icons/fonts/bootstrap-icons.woff2?e34853135f9e39acf64315236852cd5a 304 - 0ms
2025-11-16 23:11:30 [info]: GET /static/js/search.js 304 - 1ms
2025-11-16 23:11:30 [info]: GET /static/js/lazy-loading.js 200 - 3ms
2025-11-16 23:11:30 [info]: GET /static/js/carrito.js 304 - 2ms
2025-11-16 23:11:32 [info]: GET /api/productos?pagina=2&limite=12 200 - 4ms
2025-11-16 23:11:34 [info]: GET /api/productos?pagina=3&limite=12 200 - 17ms
2025-11-16 23:12:31 [info]: POST /api/carrito/agregar/691a4b3670e53c91023e0d0e 200 - 7ms
2025-11-16 23:12:32 [info]: POST /api/carrito/agregar/691a4b3670e53c91023e0d0d 200 - 5ms
2025-11-16 23:12:33 [info]: POST /api/carrito/incrementar/691a4b3670e53c91023e0d0d 200 - 1ms
2025-11-16 23:12:34 [info]: POST /api/carrito/incrementar/691a4b3670e53c91023e0d0d 200 - 1ms
2025-11-16 23:12:35 [info]: POST /api/carrito/incrementar/691a4b3670e53c91023e0d0e 200 - 1ms
2025-11-16 23:12:37 [info]: GET /carrito 200 - 13ms
2025-11-16 23:12:37 [info]: GET /static/bootstrap-icons/bootstrap-icons.css 304 - 1ms
2025-11-16 23:12:37 [info]: GET /static/css/style.css 304 - 1ms
2025-11-16 23:12:37 [info]: GET /static/js/search.js 304 - 0ms
2025-11-16 23:12:37 [info]: GET /static/js/carrito.js 304 - 0ms
2025-11-16 23:12:37 [info]: GET /static/bootstrap-icons/fonts/bootstrap-icons.woff2?e34853135f9e39acf64315236852cd5a 304 - 1ms
2025-11-16 23:12:37 [info]: GET /static/js/search.js 304 - 1ms
2025-11-16 23:12:37 [info]: GET /static/js/carrito.js 304 - 1ms
2025-11-16 23:16:10 [info]: GET /api/productos 200 - 19ms
2025-11-16 23:16:10 [info]: GET /api/productos?pagina=1&limite=5 200 - 5ms
2025-11-16 23:16:10 [info]: GET /api/productos?categoria=Aceite,%20vinagre%20y%20sal 200 - 5ms
2025-11-16 23:16:10 [info]: POST /api/productos - Creando nuevo producto
2025-11-16 23:16:10 [error]: Error al crear producto: Producto validation failed: subcategory: Path `subcategory` is required.
ValidationError: Producto validation failed: subcategory: Path `subcategory` is required.
    at model.Document.invalidate (/home/beebit/Documentos/etsiit/dai/p4/node_modules/mongoose/lib/document.js:3362:32)
    at /home/beebit/Documentos/etsiit/dai/p4/node_modules/mongoose/lib/document.js:3123:17
    at /home/beebit/Documentos/etsiit/dai/p4/node_modules/mongoose/lib/schemaType.js:1417:9
    at processTicksAndRejections (node:internal/process/task_queues:85:11)
2025-11-16 23:16:10 [warn]: POST /api/productos 400 - 7ms
2025-11-16 23:16:10 [info]: POST /api/productos - Creando nuevo producto
2025-11-16 23:16:10 [warn]: Intento de crear producto sin nombre o precio
2025-11-16 23:16:10 [warn]: POST /api/productos 400 - 0ms
2025-11-16 23:16:10 [info]: POST /api/productos - Creando nuevo producto
2025-11-16 23:16:10 [warn]: Intento de crear producto sin nombre o precio
2025-11-16 23:16:10 [warn]: POST /api/productos 400 - 0ms
2025-11-16 23:16:10 [info]: POST /api/productos - Creando nuevo producto
2025-11-16 23:16:10 [warn]: Precio inválido: -10
2025-11-16 23:16:10 [warn]: POST /api/productos 400 - 0ms
2025-11-16 23:16:10 [info]: POST /api/productos - Creando nuevo producto
2025-11-16 23:16:10 [warn]: Precio inválido: no-es-numero
2025-11-16 23:16:10 [warn]: POST /api/productos 400 - 1ms
2025-11-16 23:16:10 [info]: GET /api/productos/000000000000000000000000 - Obteniendo producto por ID
2025-11-16 23:16:10 [warn]: Producto no encontrado: 000000000000000000000000
2025-11-16 23:16:10 [warn]: GET /api/productos/000000000000000000000000 404 - 4ms
2025-11-16 23:16:10 [info]: GET /api/productos/id-invalido-123 - Obteniendo producto por ID
2025-11-16 23:16:10 [error]: Error al obtener producto: Cast to ObjectId failed for value "id-invalido-123" (type string) at path "_id" for model "Producto"
CastError: Cast to ObjectId failed for value "id-invalido-123" (type string) at path "_id" for model "Producto"
    at SchemaObjectId.cast (/home/beebit/Documentos/etsiit/dai/p4/node_modules/mongoose/lib/schema/objectId.js:251:11)
    at SchemaObjectId.SchemaType.applySetters (/home/beebit/Documentos/etsiit/dai/p4/node_modules/mongoose/lib/schemaType.js:1259:12)
    at SchemaObjectId.SchemaType.castForQuery (/home/beebit/Documentos/etsiit/dai/p4/node_modules/mongoose/lib/schemaType.js:1695:17)
    at cast (/home/beebit/Documentos/etsiit/dai/p4/node_modules/mongoose/lib/cast.js:390:32)
    at model.Query.Query.cast (/home/beebit/Documentos/etsiit/dai/p4/node_modules/mongoose/lib/query.js:5060:12)
    at model.Query.Query._castConditions (/home/beebit/Documentos/etsiit/dai/p4/node_modules/mongoose/lib/query.js:2374:10)
    at model.Query._findOne (/home/beebit/Documentos/etsiit/dai/p4/node_modules/mongoose/lib/query.js:2697:8)
    at model.Query.exec (/home/beebit/Documentos/etsiit/dai/p4/node_modules/mongoose/lib/query.js:4627:80)
    at processTicksAndRejections (node:internal/process/task_queues:105:5)
    at obtenerProductoPorId (/home/beebit/Documentos/etsiit/dai/p4/controllers/productosController.js:274:22)
2025-11-16 23:16:10 [warn]: ID de producto inválido: id-invalido-123
2025-11-16 23:16:10 [warn]: GET /api/productos/id-invalido-123 400 - 2ms
2025-11-16 23:16:10 [info]: PUT /api/productos/undefined - Actualizando producto
2025-11-16 23:16:10 [warn]: Precio inválido para actualización: abc
2025-11-16 23:16:10 [warn]: PUT /api/productos/undefined 400 - 1ms
2025-11-16 23:16:10 [info]: PUT /api/productos/undefined - Actualizando producto
2025-11-16 23:16:10 [warn]: Precio inválido para actualización: -5
2025-11-16 23:16:10 [warn]: PUT /api/productos/undefined 400 - 0ms
2025-11-16 23:16:10 [info]: PUT /api/productos/000000000000000000000000 - Actualizando producto
2025-11-16 23:16:10 [warn]: Producto no encontrado para actualizar: 000000000000000000000000
2025-11-16 23:16:10 [warn]: PUT /api/productos/000000000000000000000000 404 - 2ms
2025-11-16 23:16:10 [info]: PUT /api/productos/id-mal-formato - Actualizando producto
2025-11-16 23:16:10 [error]: Error al actualizar producto: Cast to ObjectId failed for value "id-mal-formato" (type string) at path "_id" for model "Producto"
CastError: Cast to ObjectId failed for value "id-mal-formato" (type string) at path "_id" for model "Producto"
    at SchemaObjectId.cast (/home/beebit/Documentos/etsiit/dai/p4/node_modules/mongoose/lib/schema/objectId.js:251:11)
    at SchemaObjectId.SchemaType.applySetters (/home/beebit/Documentos/etsiit/dai/p4/node_modules/mongoose/lib/schemaType.js:1259:12)
    at SchemaObjectId.SchemaType.castForQuery (/home/beebit/Documentos/etsiit/dai/p4/node_modules/mongoose/lib/schemaType.js:1695:17)
    at cast (/home/beebit/Documentos/etsiit/dai/p4/node_modules/mongoose/lib/cast.js:390:32)
    at model.Query.Query.cast (/home/beebit/Documentos/etsiit/dai/p4/node_modules/mongoose/lib/query.js:5060:12)
    at model.Query.Query._castConditions (/home/beebit/Documentos/etsiit/dai/p4/node_modules/mongoose/lib/query.js:2374:10)
    at model.Query._findOne (/home/beebit/Documentos/etsiit/dai/p4/node_modules/mongoose/lib/query.js:2697:8)
    at model.Query.exec (/home/beebit/Documentos/etsiit/dai/p4/node_modules/mongoose/lib/query.js:4627:80)
    at processTicksAndRejections (node:internal/process/task_queues:105:5)
    at actualizarProducto (/home/beebit/Documentos/etsiit/dai/p4/controllers/productosController.js:378:22)
2025-11-16 23:16:10 [warn]: ID de producto inválido: id-mal-formato
2025-11-16 23:16:10 [warn]: PUT /api/productos/id-mal-formato 400 - 1ms
2025-11-16 23:16:10 [info]: DELETE /api/productos/000000000000000000000000 - Eliminando producto
2025-11-16 23:16:10 [warn]: Producto no encontrado para eliminar: 000000000000000000000000
2025-11-16 23:16:10 [warn]: DELETE /api/productos/000000000000000000000000 404 - 2ms
2025-11-16 23:16:10 [info]: DELETE /api/productos/formato-invalido - Eliminando producto
2025-11-16 23:16:10 [error]: Error al eliminar producto: Cast to ObjectId failed for value "formato-invalido" (type string) at path "_id" for model "Producto"
CastError: Cast to ObjectId failed for value "formato-invalido" (type string) at path "_id" for model "Producto"
    at SchemaObjectId.cast (/home/beebit/Documentos/etsiit/dai/p4/node_modules/mongoose/lib/schema/objectId.js:251:11)
    at SchemaObjectId.SchemaType.applySetters (/home/beebit/Documentos/etsiit/dai/p4/node_modules/mongoose/lib/schemaType.js:1259:12)
    at SchemaObjectId.SchemaType.castForQuery (/home/beebit/Documentos/etsiit/dai/p4/node_modules/mongoose/lib/schemaType.js:1695:17)
    at cast (/home/beebit/Documentos/etsiit/dai/p4/node_modules/mongoose/lib/cast.js:390:32)
    at model.Query.Query.cast (/home/beebit/Documentos/etsiit/dai/p4/node_modules/mongoose/lib/query.js:5060:12)
    at model.Query.Query._castConditions (/home/beebit/Documentos/etsiit/dai/p4/node_modules/mongoose/lib/query.js:2374:10)
    at model.Query._findOneAndDelete (/home/beebit/Documentos/etsiit/dai/p4/node_modules/mongoose/lib/query.js:3616:8)
    at model.Query.exec (/home/beebit/Documentos/etsiit/dai/p4/node_modules/mongoose/lib/query.js:4627:80)
    at processTicksAndRejections (node:internal/process/task_queues:105:5)
    at eliminarProducto (/home/beebit/Documentos/etsiit/dai/p4/controllers/productosController.js:428:22)
2025-11-16 23:16:10 [warn]: ID de producto inválido: formato-invalido
2025-11-16 23:16:10 [warn]: DELETE /api/productos/formato-invalido 400 - 1ms
2025-11-16 23:16:10 [info]: POST /api/productos - Creando nuevo producto
2025-11-16 23:16:10 [error]: Error al crear producto: Producto validation failed: subcategory: Path `subcategory` is required.
ValidationError: Producto validation failed: subcategory: Path `subcategory` is required.
    at model.Document.invalidate (/home/beebit/Documentos/etsiit/dai/p4/node_modules/mongoose/lib/document.js:3362:32)
    at /home/beebit/Documentos/etsiit/dai/p4/node_modules/mongoose/lib/document.js:3123:17
    at /home/beebit/Documentos/etsiit/dai/p4/node_modules/mongoose/lib/schemaType.js:1417:9
    at processTicksAndRejections (node:internal/process/task_queues:85:11)
2025-11-16 23:16:10 [warn]: POST /api/productos 400 - 1ms
2025-11-16 23:17:06 [info]: GET /api/productos 200 - 17ms
2025-11-16 23:17:06 [info]: GET /api/productos?pagina=1&limite=5 200 - 5ms
2025-11-16 23:17:06 [info]: GET /api/productos?categoria=Aceite,%20vinagre%20y%20sal 200 - 4ms
2025-11-16 23:17:06 [info]: POST /api/productos - Creando nuevo producto
2025-11-16 23:17:06 [info]: Producto creado exitosamente: Producto Test Jest (691a4d628b0b916fbb7c7508)
2025-11-16 23:17:06 [info]: POST /api/productos 201 - 9ms
2025-11-16 23:17:06 [info]: POST /api/productos - Creando nuevo producto
2025-11-16 23:17:06 [warn]: Intento de crear producto sin nombre o precio
2025-11-16 23:17:06 [warn]: POST /api/productos 400 - 0ms
2025-11-16 23:17:06 [info]: POST /api/productos - Creando nuevo producto
2025-11-16 23:17:06 [warn]: Intento de crear producto sin nombre o precio
2025-11-16 23:17:06 [warn]: POST /api/productos 400 - 1ms
2025-11-16 23:17:06 [info]: POST /api/productos - Creando nuevo producto
2025-11-16 23:17:06 [warn]: Precio inválido: -10
2025-11-16 23:17:06 [warn]: POST /api/productos 400 - 0ms
2025-11-16 23:17:06 [info]: POST /api/productos - Creando nuevo producto
2025-11-16 23:17:06 [warn]: Precio inválido: no-es-numero
2025-11-16 23:17:06 [warn]: POST /api/productos 400 - 0ms
2025-11-16 23:17:06 [info]: GET /api/productos/691a4d628b0b916fbb7c7508 - Obteniendo producto por ID
2025-11-16 23:17:06 [info]: Producto obtenido exitosamente: Producto Test Jest (691a4d628b0b916fbb7c7508)
2025-11-16 23:17:06 [info]: GET /api/productos/691a4d628b0b916fbb7c7508 200 - 3ms
2025-11-16 23:17:06 [info]: GET /api/productos/000000000000000000000000 - Obteniendo producto por ID
2025-11-16 23:17:06 [warn]: Producto no encontrado: 000000000000000000000000
2025-11-16 23:17:06 [warn]: GET /api/productos/000000000000000000000000 404 - 2ms
2025-11-16 23:17:06 [info]: GET /api/productos/id-invalido-123 - Obteniendo producto por ID
2025-11-16 23:17:06 [error]: Error al obtener producto: Cast to ObjectId failed for value "id-invalido-123" (type string) at path "_id" for model "Producto"
CastError: Cast to ObjectId failed for value "id-invalido-123" (type string) at path "_id" for model "Producto"
    at SchemaObjectId.cast (/home/beebit/Documentos/etsiit/dai/p4/node_modules/mongoose/lib/schema/objectId.js:251:11)
    at SchemaObjectId.SchemaType.applySetters (/home/beebit/Documentos/etsiit/dai/p4/node_modules/mongoose/lib/schemaType.js:1259:12)
    at SchemaObjectId.SchemaType.castForQuery (/home/beebit/Documentos/etsiit/dai/p4/node_modules/mongoose/lib/schemaType.js:1695:17)
    at cast (/home/beebit/Documentos/etsiit/dai/p4/node_modules/mongoose/lib/cast.js:390:32)
    at model.Query.Query.cast (/home/beebit/Documentos/etsiit/dai/p4/node_modules/mongoose/lib/query.js:5060:12)
    at model.Query.Query._castConditions (/home/beebit/Documentos/etsiit/dai/p4/node_modules/mongoose/lib/query.js:2374:10)
    at model.Query._findOne (/home/beebit/Documentos/etsiit/dai/p4/node_modules/mongoose/lib/query.js:2697:8)
    at model.Query.exec (/home/beebit/Documentos/etsiit/dai/p4/node_modules/mongoose/lib/query.js:4627:80)
    at processTicksAndRejections (node:internal/process/task_queues:105:5)
    at obtenerProductoPorId (/home/beebit/Documentos/etsiit/dai/p4/controllers/productosController.js:274:22)
2025-11-16 23:17:06 [warn]: ID de producto inválido: id-invalido-123
2025-11-16 23:17:06 [warn]: GET /api/productos/id-invalido-123 400 - 2ms
2025-11-16 23:17:06 [info]: PUT /api/productos/691a4d628b0b916fbb7c7508 - Actualizando producto
2025-11-16 23:17:06 [info]: Producto actualizado: Producto Test Jest (691a4d628b0b916fbb7c7508) - Precio: 99.99€ → 45.99€
2025-11-16 23:17:06 [info]: PUT /api/productos/691a4d628b0b916fbb7c7508 200 - 5ms
2025-11-16 23:17:06 [info]: PUT /api/productos/691a4d628b0b916fbb7c7508 - Actualizando producto
2025-11-16 23:17:06 [warn]: Precio inválido para actualización: abc
2025-11-16 23:17:06 [warn]: PUT /api/productos/691a4d628b0b916fbb7c7508 400 - 0ms
2025-11-16 23:17:06 [info]: PUT /api/productos/691a4d628b0b916fbb7c7508 - Actualizando producto
2025-11-16 23:17:06 [warn]: Precio inválido para actualización: -5
2025-11-16 23:17:06 [warn]: PUT /api/productos/691a4d628b0b916fbb7c7508 400 - 0ms
2025-11-16 23:17:06 [info]: PUT /api/productos/000000000000000000000000 - Actualizando producto
2025-11-16 23:17:06 [warn]: Producto no encontrado para actualizar: 000000000000000000000000
2025-11-16 23:17:06 [warn]: PUT /api/productos/000000000000000000000000 404 - 1ms
2025-11-16 23:17:06 [info]: PUT /api/productos/id-mal-formato - Actualizando producto
2025-11-16 23:17:06 [error]: Error al actualizar producto: Cast to ObjectId failed for value "id-mal-formato" (type string) at path "_id" for model "Producto"
CastError: Cast to ObjectId failed for value "id-mal-formato" (type string) at path "_id" for model "Producto"
    at SchemaObjectId.cast (/home/beebit/Documentos/etsiit/dai/p4/node_modules/mongoose/lib/schema/objectId.js:251:11)
    at SchemaObjectId.SchemaType.applySetters (/home/beebit/Documentos/etsiit/dai/p4/node_modules/mongoose/lib/schemaType.js:1259:12)
    at SchemaObjectId.SchemaType.castForQuery (/home/beebit/Documentos/etsiit/dai/p4/node_modules/mongoose/lib/schemaType.js:1695:17)
    at cast (/home/beebit/Documentos/etsiit/dai/p4/node_modules/mongoose/lib/cast.js:390:32)
    at model.Query.Query.cast (/home/beebit/Documentos/etsiit/dai/p4/node_modules/mongoose/lib/query.js:5060:12)
    at model.Query.Query._castConditions (/home/beebit/Documentos/etsiit/dai/p4/node_modules/mongoose/lib/query.js:2374:10)
    at model.Query._findOne (/home/beebit/Documentos/etsiit/dai/p4/node_modules/mongoose/lib/query.js:2697:8)
    at model.Query.exec (/home/beebit/Documentos/etsiit/dai/p4/node_modules/mongoose/lib/query.js:4627:80)
    at processTicksAndRejections (node:internal/process/task_queues:105:5)
    at actualizarProducto (/home/beebit/Documentos/etsiit/dai/p4/controllers/productosController.js:379:22)
2025-11-16 23:17:06 [warn]: ID de producto inválido: id-mal-formato
2025-11-16 23:17:06 [warn]: PUT /api/productos/id-mal-formato 400 - 1ms
2025-11-16 23:17:06 [info]: DELETE /api/productos/691a4d628b0b916fbb7c750f - Eliminando producto
2025-11-16 23:17:06 [info]: Producto eliminado exitosamente: Producto para DELETE (691a4d628b0b916fbb7c750f)
2025-11-16 23:17:06 [info]: DELETE /api/productos/691a4d628b0b916fbb7c750f 200 - 2ms
2025-11-16 23:17:06 [info]: DELETE /api/productos/000000000000000000000000 - Eliminando producto
2025-11-16 23:17:06 [warn]: Producto no encontrado para eliminar: 000000000000000000000000
2025-11-16 23:17:06 [warn]: DELETE /api/productos/000000000000000000000000 404 - 1ms
2025-11-16 23:17:06 [info]: DELETE /api/productos/formato-invalido - Eliminando producto
2025-11-16 23:17:06 [error]: Error al eliminar producto: Cast to ObjectId failed for value "formato-invalido" (type string) at path "_id" for model "Producto"
CastError: Cast to ObjectId failed for value "formato-invalido" (type string) at path "_id" for model "Producto"
    at SchemaObjectId.cast (/home/beebit/Documentos/etsiit/dai/p4/node_modules/mongoose/lib/schema/objectId.js:251:11)
    at SchemaObjectId.SchemaType.applySetters (/home/beebit/Documentos/etsiit/dai/p4/node_modules/mongoose/lib/schemaType.js:1259:12)
    at SchemaObjectId.SchemaType.castForQuery (/home/beebit/Documentos/etsiit/dai/p4/node_modules/mongoose/lib/schemaType.js:1695:17)
    at cast (/home/beebit/Documentos/etsiit/dai/p4/node_modules/mongoose/lib/cast.js:390:32)
    at model.Query.Query.cast (/home/beebit/Documentos/etsiit/dai/p4/node_modules/mongoose/lib/query.js:5060:12)
    at model.Query.Query._castConditions (/home/beebit/Documentos/etsiit/dai/p4/node_modules/mongoose/lib/query.js:2374:10)
    at model.Query._findOneAndDelete (/home/beebit/Documentos/etsiit/dai/p4/node_modules/mongoose/lib/query.js:3616:8)
    at model.Query.exec (/home/beebit/Documentos/etsiit/dai/p4/node_modules/mongoose/lib/query.js:4627:80)
    at processTicksAndRejections (node:internal/process/task_queues:105:5)
    at eliminarProducto (/home/beebit/Documentos/etsiit/dai/p4/controllers/productosController.js:429:22)
2025-11-16 23:17:06 [warn]: ID de producto inválido: formato-invalido
2025-11-16 23:17:06 [warn]: DELETE /api/productos/formato-invalido 400 - 1ms
2025-11-16 23:17:06 [info]: POST /api/productos - Creando nuevo producto
2025-11-16 23:17:06 [info]: Producto creado exitosamente: Producto CRUD Completo (691a4d628b0b916fbb7c7514)
2025-11-16 23:17:06 [info]: POST /api/productos 201 - 2ms
2025-11-16 23:17:06 [info]: GET /api/productos/691a4d628b0b916fbb7c7514 - Obteniendo producto por ID
2025-11-16 23:17:06 [info]: Producto obtenido exitosamente: Producto CRUD Completo (691a4d628b0b916fbb7c7514)
2025-11-16 23:17:06 [info]: GET /api/productos/691a4d628b0b916fbb7c7514 200 - 2ms
2025-11-16 23:17:06 [info]: PUT /api/productos/691a4d628b0b916fbb7c7514 - Actualizando producto
2025-11-16 23:17:06 [info]: Producto actualizado: Producto CRUD Completo (691a4d628b0b916fbb7c7514) - Precio: 100€ → 150€
2025-11-16 23:17:06 [info]: PUT /api/productos/691a4d628b0b916fbb7c7514 200 - 3ms
2025-11-16 23:17:06 [info]: DELETE /api/productos/691a4d628b0b916fbb7c7514 - Eliminando producto
2025-11-16 23:17:06 [info]: Producto eliminado exitosamente: Producto CRUD Completo (691a4d628b0b916fbb7c7514)
2025-11-16 23:17:06 [info]: DELETE /api/productos/691a4d628b0b916fbb7c7514 200 - 2ms
2025-11-16 23:17:06 [info]: GET /api/productos/691a4d628b0b916fbb7c7514 - Obteniendo producto por ID
2025-11-16 23:17:06 [warn]: Producto no encontrado: 691a4d628b0b916fbb7c7514
2025-11-16 23:17:06 [warn]: GET /api/productos/691a4d628b0b916fbb7c7514 404 - 1ms
2025-11-16 23:22:06 [info]: GET /api/productos 200 - 18ms
2025-11-16 23:22:06 [info]: GET /api/productos?pagina=1&limite=5 200 - 5ms
2025-11-16 23:22:06 [info]: GET /api/productos?categoria=Aceite,%20vinagre%20y%20sal 200 - 5ms
2025-11-16 23:22:06 [info]: POST /api/productos - Creando nuevo producto
2025-11-16 23:22:06 [info]: Producto creado exitosamente: Producto Test Jest (691a4e8e0aaf137782979f8f)
2025-11-16 23:22:06 [info]: POST /api/productos 201 - 10ms
2025-11-16 23:22:06 [info]: POST /api/productos - Creando nuevo producto
2025-11-16 23:22:06 [warn]: Intento de crear producto sin nombre o precio
2025-11-16 23:22:06 [warn]: POST /api/productos 400 - 1ms
2025-11-16 23:22:06 [info]: POST /api/productos - Creando nuevo producto
2025-11-16 23:22:06 [warn]: Intento de crear producto sin nombre o precio
2025-11-16 23:22:06 [warn]: POST /api/productos 400 - 0ms
2025-11-16 23:22:06 [info]: POST /api/productos - Creando nuevo producto
2025-11-16 23:22:06 [warn]: Precio inválido: -10
2025-11-16 23:22:06 [warn]: POST /api/productos 400 - 0ms
2025-11-16 23:22:06 [info]: POST /api/productos - Creando nuevo producto
2025-11-16 23:22:06 [warn]: Precio inválido: no-es-numero
2025-11-16 23:22:06 [warn]: POST /api/productos 400 - 1ms
2025-11-16 23:22:06 [info]: GET /api/productos/691a4e8e0aaf137782979f8f - Obteniendo producto por ID
2025-11-16 23:22:06 [info]: Producto obtenido exitosamente: Producto Test Jest (691a4e8e0aaf137782979f8f)
2025-11-16 23:22:06 [info]: GET /api/productos/691a4e8e0aaf137782979f8f 200 - 3ms
2025-11-16 23:22:06 [info]: GET /api/productos/000000000000000000000000 - Obteniendo producto por ID
2025-11-16 23:22:06 [warn]: Producto no encontrado: 000000000000000000000000
2025-11-16 23:22:06 [warn]: GET /api/productos/000000000000000000000000 404 - 1ms
2025-11-16 23:22:06 [info]: GET /api/productos/id-invalido-123 - Obteniendo producto por ID
2025-11-16 23:22:06 [error]: Error al obtener producto: Cast to ObjectId failed for value "id-invalido-123" (type string) at path "_id" for model "Producto"
CastError: Cast to ObjectId failed for value "id-invalido-123" (type string) at path "_id" for model "Producto"
    at SchemaObjectId.cast (/home/beebit/Documentos/etsiit/dai/p4/node_modules/mongoose/lib/schema/objectId.js:251:11)
    at SchemaObjectId.SchemaType.applySetters (/home/beebit/Documentos/etsiit/dai/p4/node_modules/mongoose/lib/schemaType.js:1259:12)
    at SchemaObjectId.SchemaType.castForQuery (/home/beebit/Documentos/etsiit/dai/p4/node_modules/mongoose/lib/schemaType.js:1695:17)
    at cast (/home/beebit/Documentos/etsiit/dai/p4/node_modules/mongoose/lib/cast.js:390:32)
    at model.Query.Query.cast (/home/beebit/Documentos/etsiit/dai/p4/node_modules/mongoose/lib/query.js:5060:12)
    at model.Query.Query._castConditions (/home/beebit/Documentos/etsiit/dai/p4/node_modules/mongoose/lib/query.js:2374:10)
    at model.Query._findOne (/home/beebit/Documentos/etsiit/dai/p4/node_modules/mongoose/lib/query.js:2697:8)
    at model.Query.exec (/home/beebit/Documentos/etsiit/dai/p4/node_modules/mongoose/lib/query.js:4627:80)
    at processTicksAndRejections (node:internal/process/task_queues:105:5)
    at obtenerProductoPorId (/home/beebit/Documentos/etsiit/dai/p4/controllers/productosController.js:273:22)
2025-11-16 23:22:06 [warn]: ID de producto inválido: id-invalido-123
2025-11-16 23:22:06 [warn]: GET /api/productos/id-invalido-123 400 - 2ms
2025-11-16 23:22:06 [info]: PUT /api/productos/691a4e8e0aaf137782979f8f - Actualizando producto
2025-11-16 23:22:06 [info]: Producto actualizado: Producto Test Jest (691a4e8e0aaf137782979f8f) - Precio: 99.99€ → 45.99€ | Sufijo: €/ud. → €/ud.
2025-11-16 23:22:06 [info]: PUT /api/productos/691a4e8e0aaf137782979f8f 200 - 5ms
2025-11-16 23:22:06 [info]: PUT /api/productos/691a4e8e0aaf137782979f8f - Actualizando producto
2025-11-16 23:22:06 [warn]: Precio inválido para actualización: abc
2025-11-16 23:22:06 [warn]: PUT /api/productos/691a4e8e0aaf137782979f8f 400 - 1ms
2025-11-16 23:22:06 [info]: PUT /api/productos/691a4e8e0aaf137782979f8f - Actualizando producto
2025-11-16 23:22:06 [warn]: Precio inválido para actualización: -5
2025-11-16 23:22:06 [warn]: PUT /api/productos/691a4e8e0aaf137782979f8f 400 - 1ms
2025-11-16 23:22:06 [info]: PUT /api/productos/000000000000000000000000 - Actualizando producto
2025-11-16 23:22:06 [warn]: Producto no encontrado para actualizar: 000000000000000000000000
2025-11-16 23:22:06 [warn]: PUT /api/productos/000000000000000000000000 404 - 1ms
2025-11-16 23:22:06 [info]: PUT /api/productos/id-mal-formato - Actualizando producto
2025-11-16 23:22:06 [error]: Error al actualizar producto: Cast to ObjectId failed for value "id-mal-formato" (type string) at path "_id" for model "Producto"
CastError: Cast to ObjectId failed for value "id-mal-formato" (type string) at path "_id" for model "Producto"
    at SchemaObjectId.cast (/home/beebit/Documentos/etsiit/dai/p4/node_modules/mongoose/lib/schema/objectId.js:251:11)
    at SchemaObjectId.SchemaType.applySetters (/home/beebit/Documentos/etsiit/dai/p4/node_modules/mongoose/lib/schemaType.js:1259:12)
    at SchemaObjectId.SchemaType.castForQuery (/home/beebit/Documentos/etsiit/dai/p4/node_modules/mongoose/lib/schemaType.js:1695:17)
    at cast (/home/beebit/Documentos/etsiit/dai/p4/node_modules/mongoose/lib/cast.js:390:32)
    at model.Query.Query.cast (/home/beebit/Documentos/etsiit/dai/p4/node_modules/mongoose/lib/query.js:5060:12)
    at model.Query.Query._castConditions (/home/beebit/Documentos/etsiit/dai/p4/node_modules/mongoose/lib/query.js:2374:10)
    at model.Query._findOne (/home/beebit/Documentos/etsiit/dai/p4/node_modules/mongoose/lib/query.js:2697:8)
    at model.Query.exec (/home/beebit/Documentos/etsiit/dai/p4/node_modules/mongoose/lib/query.js:4627:80)
    at processTicksAndRejections (node:internal/process/task_queues:105:5)
    at actualizarProducto (/home/beebit/Documentos/etsiit/dai/p4/controllers/productosController.js:378:22)
2025-11-16 23:22:06 [warn]: ID de producto inválido: id-mal-formato
2025-11-16 23:22:06 [warn]: PUT /api/productos/id-mal-formato 400 - 1ms
2025-11-16 23:22:06 [info]: DELETE /api/productos/691a4e8e0aaf137782979f96 - Eliminando producto
2025-11-16 23:22:06 [info]: Producto eliminado exitosamente: Producto para DELETE (691a4e8e0aaf137782979f96)
2025-11-16 23:22:06 [info]: DELETE /api/productos/691a4e8e0aaf137782979f96 200 - 2ms
2025-11-16 23:22:06 [info]: DELETE /api/productos/000000000000000000000000 - Eliminando producto
2025-11-16 23:22:06 [warn]: Producto no encontrado para eliminar: 000000000000000000000000
2025-11-16 23:22:06 [warn]: DELETE /api/productos/000000000000000000000000 404 - 1ms
2025-11-16 23:22:06 [info]: DELETE /api/productos/formato-invalido - Eliminando producto
2025-11-16 23:22:06 [error]: Error al eliminar producto: Cast to ObjectId failed for value "formato-invalido" (type string) at path "_id" for model "Producto"
CastError: Cast to ObjectId failed for value "formato-invalido" (type string) at path "_id" for model "Producto"
    at SchemaObjectId.cast (/home/beebit/Documentos/etsiit/dai/p4/node_modules/mongoose/lib/schema/objectId.js:251:11)
    at SchemaObjectId.SchemaType.applySetters (/home/beebit/Documentos/etsiit/dai/p4/node_modules/mongoose/lib/schemaType.js:1259:12)
    at SchemaObjectId.SchemaType.castForQuery (/home/beebit/Documentos/etsiit/dai/p4/node_modules/mongoose/lib/schemaType.js:1695:17)
    at cast (/home/beebit/Documentos/etsiit/dai/p4/node_modules/mongoose/lib/cast.js:390:32)
    at model.Query.Query.cast (/home/beebit/Documentos/etsiit/dai/p4/node_modules/mongoose/lib/query.js:5060:12)
    at model.Query.Query._castConditions (/home/beebit/Documentos/etsiit/dai/p4/node_modules/mongoose/lib/query.js:2374:10)
    at model.Query._findOneAndDelete (/home/beebit/Documentos/etsiit/dai/p4/node_modules/mongoose/lib/query.js:3616:8)
    at model.Query.exec (/home/beebit/Documentos/etsiit/dai/p4/node_modules/mongoose/lib/query.js:4627:80)
    at processTicksAndRejections (node:internal/process/task_queues:105:5)
    at eliminarProducto (/home/beebit/Documentos/etsiit/dai/p4/controllers/productosController.js:429:22)
2025-11-16 23:22:06 [warn]: ID de producto inválido: formato-invalido
2025-11-16 23:22:06 [warn]: DELETE /api/productos/formato-invalido 400 - 1ms
2025-11-16 23:22:06 [info]: POST /api/productos - Creando nuevo producto
2025-11-16 23:22:06 [info]: Producto creado exitosamente: Producto CRUD Completo (691a4e8e0aaf137782979f9b)
2025-11-16 23:22:06 [info]: POST /api/productos 201 - 3ms
2025-11-16 23:22:06 [info]: GET /api/productos/691a4e8e0aaf137782979f9b - Obteniendo producto por ID
2025-11-16 23:22:06 [info]: Producto obtenido exitosamente: Producto CRUD Completo (691a4e8e0aaf137782979f9b)
2025-11-16 23:22:06 [info]: GET /api/productos/691a4e8e0aaf137782979f9b 200 - 2ms
2025-11-16 23:22:06 [info]: PUT /api/productos/691a4e8e0aaf137782979f9b - Actualizando producto
2025-11-16 23:22:06 [info]: Producto actualizado: Producto CRUD Completo (691a4e8e0aaf137782979f9b) - Precio: 100€ → 150€ | Sufijo: €/ud. → €/ud.
2025-11-16 23:22:06 [info]: PUT /api/productos/691a4e8e0aaf137782979f9b 200 - 4ms
2025-11-16 23:22:06 [info]: DELETE /api/productos/691a4e8e0aaf137782979f9b - Eliminando producto
2025-11-16 23:22:06 [info]: Producto eliminado exitosamente: Producto CRUD Completo (691a4e8e0aaf137782979f9b)
2025-11-16 23:22:06 [info]: DELETE /api/productos/691a4e8e0aaf137782979f9b 200 - 1ms
2025-11-16 23:22:06 [info]: GET /api/productos/691a4e8e0aaf137782979f9b - Obteniendo producto por ID
2025-11-16 23:22:06 [warn]: Producto no encontrado: 691a4e8e0aaf137782979f9b
2025-11-16 23:22:06 [warn]: GET /api/productos/691a4e8e0aaf137782979f9b 404 - 2ms
2025-11-16 23:23:18 [info]: GET /api/productos 200 - 17ms
2025-11-16 23:23:18 [info]: GET /api/productos?pagina=1&limite=5 200 - 5ms
2025-11-16 23:23:18 [info]: GET /api/productos?categoria=Aceite,%20vinagre%20y%20sal 200 - 5ms
2025-11-16 23:23:18 [info]: POST /api/productos - Creando nuevo producto
2025-11-16 23:23:18 [info]: Producto creado exitosamente: Producto Test Jest (691a4ed64bf5df32ddf405f3)
2025-11-16 23:23:18 [info]: POST /api/productos 201 - 9ms
2025-11-16 23:23:18 [info]: POST /api/productos - Creando nuevo producto
2025-11-16 23:23:18 [warn]: Intento de crear producto sin nombre o precio
2025-11-16 23:23:18 [warn]: POST /api/productos 400 - 1ms
2025-11-16 23:23:18 [info]: POST /api/productos - Creando nuevo producto
2025-11-16 23:23:18 [warn]: Intento de crear producto sin nombre o precio
2025-11-16 23:23:18 [warn]: POST /api/productos 400 - 0ms
2025-11-16 23:23:18 [info]: POST /api/productos - Creando nuevo producto
2025-11-16 23:23:18 [warn]: Precio inválido: -10
2025-11-16 23:23:18 [warn]: POST /api/productos 400 - 0ms
2025-11-16 23:23:18 [info]: POST /api/productos - Creando nuevo producto
2025-11-16 23:23:18 [warn]: Precio inválido: no-es-numero
2025-11-16 23:23:18 [warn]: POST /api/productos 400 - 0ms
2025-11-16 23:23:18 [info]: GET /api/productos/691a4ed64bf5df32ddf405f3 - Obteniendo producto por ID
2025-11-16 23:23:18 [info]: Producto obtenido exitosamente: Producto Test Jest (691a4ed64bf5df32ddf405f3)
2025-11-16 23:23:18 [info]: GET /api/productos/691a4ed64bf5df32ddf405f3 200 - 3ms
2025-11-16 23:23:18 [info]: GET /api/productos/000000000000000000000000 - Obteniendo producto por ID
2025-11-16 23:23:18 [warn]: Producto no encontrado: 000000000000000000000000
2025-11-16 23:23:18 [warn]: GET /api/productos/000000000000000000000000 404 - 1ms
2025-11-16 23:23:18 [info]: GET /api/productos/id-invalido-123 - Obteniendo producto por ID
2025-11-16 23:23:18 [error]: Error al obtener producto: Cast to ObjectId failed for value "id-invalido-123" (type string) at path "_id" for model "Producto"
CastError: Cast to ObjectId failed for value "id-invalido-123" (type string) at path "_id" for model "Producto"
    at SchemaObjectId.cast (/home/beebit/Documentos/etsiit/dai/p4/node_modules/mongoose/lib/schema/objectId.js:251:11)
    at SchemaObjectId.SchemaType.applySetters (/home/beebit/Documentos/etsiit/dai/p4/node_modules/mongoose/lib/schemaType.js:1259:12)
    at SchemaObjectId.SchemaType.castForQuery (/home/beebit/Documentos/etsiit/dai/p4/node_modules/mongoose/lib/schemaType.js:1695:17)
    at cast (/home/beebit/Documentos/etsiit/dai/p4/node_modules/mongoose/lib/cast.js:390:32)
    at model.Query.Query.cast (/home/beebit/Documentos/etsiit/dai/p4/node_modules/mongoose/lib/query.js:5060:12)
    at model.Query.Query._castConditions (/home/beebit/Documentos/etsiit/dai/p4/node_modules/mongoose/lib/query.js:2374:10)
    at model.Query._findOne (/home/beebit/Documentos/etsiit/dai/p4/node_modules/mongoose/lib/query.js:2697:8)
    at model.Query.exec (/home/beebit/Documentos/etsiit/dai/p4/node_modules/mongoose/lib/query.js:4627:80)
    at processTicksAndRejections (node:internal/process/task_queues:105:5)
    at obtenerProductoPorId (/home/beebit/Documentos/etsiit/dai/p4/controllers/productosController.js:273:22)
2025-11-16 23:23:18 [warn]: ID de producto inválido: id-invalido-123
2025-11-16 23:23:18 [warn]: GET /api/productos/id-invalido-123 400 - 1ms
2025-11-16 23:23:18 [info]: PUT /api/productos/691a4ed64bf5df32ddf405f3 - Actualizando producto
2025-11-16 23:23:18 [info]: Producto actualizado: Producto Test Jest (691a4ed64bf5df32ddf405f3) - Precio: 99.99€ → 45.99€ | Sufijo: €/ud. → €/ud.
2025-11-16 23:23:18 [info]: PUT /api/productos/691a4ed64bf5df32ddf405f3 200 - 4ms
2025-11-16 23:23:18 [info]: PUT /api/productos/691a4ed64bf5df32ddf405f3 - Actualizando producto
2025-11-16 23:23:18 [warn]: Precio inválido para actualización: abc
2025-11-16 23:23:18 [warn]: PUT /api/productos/691a4ed64bf5df32ddf405f3 400 - 0ms
2025-11-16 23:23:18 [info]: PUT /api/productos/691a4ed64bf5df32ddf405f3 - Actualizando producto
2025-11-16 23:23:18 [warn]: Precio inválido para actualización: -5
2025-11-16 23:23:18 [warn]: PUT /api/productos/691a4ed64bf5df32ddf405f3 400 - 1ms
2025-11-16 23:23:18 [info]: PUT /api/productos/000000000000000000000000 - Actualizando producto
2025-11-16 23:23:18 [warn]: Producto no encontrado para actualizar: 000000000000000000000000
2025-11-16 23:23:18 [warn]: PUT /api/productos/000000000000000000000000 404 - 2ms
2025-11-16 23:23:18 [info]: PUT /api/productos/id-mal-formato - Actualizando producto
2025-11-16 23:23:18 [error]: Error al actualizar producto: Cast to ObjectId failed for value "id-mal-formato" (type string) at path "_id" for model "Producto"
CastError: Cast to ObjectId failed for value "id-mal-formato" (type string) at path "_id" for model "Producto"
    at SchemaObjectId.cast (/home/beebit/Documentos/etsiit/dai/p4/node_modules/mongoose/lib/schema/objectId.js:251:11)
    at SchemaObjectId.SchemaType.applySetters (/home/beebit/Documentos/etsiit/dai/p4/node_modules/mongoose/lib/schemaType.js:1259:12)
    at SchemaObjectId.SchemaType.castForQuery (/home/beebit/Documentos/etsiit/dai/p4/node_modules/mongoose/lib/schemaType.js:1695:17)
    at cast (/home/beebit/Documentos/etsiit/dai/p4/node_modules/mongoose/lib/cast.js:390:32)
    at model.Query.Query.cast (/home/beebit/Documentos/etsiit/dai/p4/node_modules/mongoose/lib/query.js:5060:12)
    at model.Query.Query._castConditions (/home/beebit/Documentos/etsiit/dai/p4/node_modules/mongoose/lib/query.js:2374:10)
    at model.Query._findOne (/home/beebit/Documentos/etsiit/dai/p4/node_modules/mongoose/lib/query.js:2697:8)
    at model.Query.exec (/home/beebit/Documentos/etsiit/dai/p4/node_modules/mongoose/lib/query.js:4627:80)
    at processTicksAndRejections (node:internal/process/task_queues:105:5)
    at actualizarProducto (/home/beebit/Documentos/etsiit/dai/p4/controllers/productosController.js:378:22)
2025-11-16 23:23:18 [warn]: ID de producto inválido: id-mal-formato
2025-11-16 23:23:18 [warn]: PUT /api/productos/id-mal-formato 400 - 1ms
2025-11-16 23:23:18 [info]: DELETE /api/productos/691a4ed64bf5df32ddf405fa - Eliminando producto
2025-11-16 23:23:18 [info]: Producto eliminado exitosamente: Producto para DELETE (691a4ed64bf5df32ddf405fa)
2025-11-16 23:23:18 [info]: DELETE /api/productos/691a4ed64bf5df32ddf405fa 200 - 2ms
2025-11-16 23:23:18 [info]: DELETE /api/productos/000000000000000000000000 - Eliminando producto
2025-11-16 23:23:18 [warn]: Producto no encontrado para eliminar: 000000000000000000000000
2025-11-16 23:23:18 [warn]: DELETE /api/productos/000000000000000000000000 404 - 2ms
2025-11-16 23:23:18 [info]: DELETE /api/productos/formato-invalido - Eliminando producto
2025-11-16 23:23:18 [error]: Error al eliminar producto: Cast to ObjectId failed for value "formato-invalido" (type string) at path "_id" for model "Producto"
CastError: Cast to ObjectId failed for value "formato-invalido" (type string) at path "_id" for model "Producto"
    at SchemaObjectId.cast (/home/beebit/Documentos/etsiit/dai/p4/node_modules/mongoose/lib/schema/objectId.js:251:11)
    at SchemaObjectId.SchemaType.applySetters (/home/beebit/Documentos/etsiit/dai/p4/node_modules/mongoose/lib/schemaType.js:1259:12)
    at SchemaObjectId.SchemaType.castForQuery (/home/beebit/Documentos/etsiit/dai/p4/node_modules/mongoose/lib/schemaType.js:1695:17)
    at cast (/home/beebit/Documentos/etsiit/dai/p4/node_modules/mongoose/lib/cast.js:390:32)
    at model.Query.Query.cast (/home/beebit/Documentos/etsiit/dai/p4/node_modules/mongoose/lib/query.js:5060:12)
    at model.Query.Query._castConditions (/home/beebit/Documentos/etsiit/dai/p4/node_modules/mongoose/lib/query.js:2374:10)
    at model.Query._findOneAndDelete (/home/beebit/Documentos/etsiit/dai/p4/node_modules/mongoose/lib/query.js:3616:8)
    at model.Query.exec (/home/beebit/Documentos/etsiit/dai/p4/node_modules/mongoose/lib/query.js:4627:80)
    at processTicksAndRejections (node:internal/process/task_queues:105:5)
    at eliminarProducto (/home/beebit/Documentos/etsiit/dai/p4/controllers/productosController.js:429:22)
2025-11-16 23:23:18 [warn]: ID de producto inválido: formato-invalido
2025-11-16 23:23:18 [warn]: DELETE /api/productos/formato-invalido 400 - 1ms
2025-11-16 23:23:18 [info]: POST /api/productos - Creando nuevo producto
2025-11-16 23:23:18 [info]: Producto creado exitosamente: Producto CRUD Completo (691a4ed64bf5df32ddf405ff)
2025-11-16 23:23:18 [info]: POST /api/productos 201 - 3ms
2025-11-16 23:23:18 [info]: GET /api/productos/691a4ed64bf5df32ddf405ff - Obteniendo producto por ID
2025-11-16 23:23:18 [info]: Producto obtenido exitosamente: Producto CRUD Completo (691a4ed64bf5df32ddf405ff)
2025-11-16 23:23:18 [info]: GET /api/productos/691a4ed64bf5df32ddf405ff 200 - 1ms
2025-11-16 23:23:18 [info]: PUT /api/productos/691a4ed64bf5df32ddf405ff - Actualizando producto
2025-11-16 23:23:18 [info]: Producto actualizado: Producto CRUD Completo (691a4ed64bf5df32ddf405ff) - Precio: 100€ → 150€ | Sufijo: €/ud. → €/ud.
2025-11-16 23:23:18 [info]: PUT /api/productos/691a4ed64bf5df32ddf405ff 200 - 2ms
2025-11-16 23:23:18 [info]: DELETE /api/productos/691a4ed64bf5df32ddf405ff - Eliminando producto
2025-11-16 23:23:18 [info]: Producto eliminado exitosamente: Producto CRUD Completo (691a4ed64bf5df32ddf405ff)
2025-11-16 23:23:18 [info]: DELETE /api/productos/691a4ed64bf5df32ddf405ff 200 - 1ms
2025-11-16 23:23:18 [info]: GET /api/productos/691a4ed64bf5df32ddf405ff - Obteniendo producto por ID
2025-11-16 23:23:18 [warn]: Producto no encontrado: 691a4ed64bf5df32ddf405ff
2025-11-16 23:23:18 [warn]: GET /api/productos/691a4ed64bf5df32ddf405ff 404 - 1ms
2025-11-16 23:25:13 [info]: GET /api/productos 200 - 18ms
2025-11-16 23:25:13 [info]: GET /api/productos?pagina=1&limite=5 200 - 6ms
2025-11-16 23:25:13 [info]: GET /api/productos?categoria=Aceite,%20vinagre%20y%20sal 200 - 5ms
2025-11-16 23:25:13 [info]: POST /api/productos - Creando nuevo producto
2025-11-16 23:25:13 [info]: Producto creado exitosamente: Producto Test Jest (691a4f49e6a7eb535d80a0d2)
2025-11-16 23:25:13 [info]: POST /api/productos 201 - 8ms
2025-11-16 23:25:13 [info]: POST /api/productos - Creando nuevo producto
2025-11-16 23:25:13 [warn]: Intento de crear producto sin nombre o precio
2025-11-16 23:25:13 [warn]: POST /api/productos 400 - 0ms
2025-11-16 23:25:13 [info]: POST /api/productos - Creando nuevo producto
2025-11-16 23:25:13 [warn]: Intento de crear producto sin nombre o precio
2025-11-16 23:25:13 [warn]: POST /api/productos 400 - 1ms
2025-11-16 23:25:13 [info]: POST /api/productos - Creando nuevo producto
2025-11-16 23:25:13 [warn]: Precio inválido: -10
2025-11-16 23:25:13 [warn]: POST /api/productos 400 - 1ms
2025-11-16 23:25:13 [info]: POST /api/productos - Creando nuevo producto
2025-11-16 23:25:13 [warn]: Precio inválido: no-es-numero
2025-11-16 23:25:13 [warn]: POST /api/productos 400 - 0ms
2025-11-16 23:25:13 [info]: GET /api/productos/691a4f49e6a7eb535d80a0d2 - Obteniendo producto por ID
2025-11-16 23:25:13 [info]: Producto obtenido exitosamente: Producto Test Jest (691a4f49e6a7eb535d80a0d2)
2025-11-16 23:25:13 [info]: GET /api/productos/691a4f49e6a7eb535d80a0d2 200 - 3ms
2025-11-16 23:25:13 [info]: GET /api/productos/000000000000000000000000 - Obteniendo producto por ID
2025-11-16 23:25:13 [warn]: Producto no encontrado: 000000000000000000000000
2025-11-16 23:25:13 [warn]: GET /api/productos/000000000000000000000000 404 - 2ms
2025-11-16 23:25:13 [info]: GET /api/productos/id-invalido-123 - Obteniendo producto por ID
2025-11-16 23:25:13 [error]: Error al obtener producto: Cast to ObjectId failed for value "id-invalido-123" (type string) at path "_id" for model "Producto"
CastError: Cast to ObjectId failed for value "id-invalido-123" (type string) at path "_id" for model "Producto"
    at SchemaObjectId.cast (/home/beebit/Documentos/etsiit/dai/p4/node_modules/mongoose/lib/schema/objectId.js:251:11)
    at SchemaObjectId.SchemaType.applySetters (/home/beebit/Documentos/etsiit/dai/p4/node_modules/mongoose/lib/schemaType.js:1259:12)
    at SchemaObjectId.SchemaType.castForQuery (/home/beebit/Documentos/etsiit/dai/p4/node_modules/mongoose/lib/schemaType.js:1695:17)
    at cast (/home/beebit/Documentos/etsiit/dai/p4/node_modules/mongoose/lib/cast.js:390:32)
    at model.Query.Query.cast (/home/beebit/Documentos/etsiit/dai/p4/node_modules/mongoose/lib/query.js:5060:12)
    at model.Query.Query._castConditions (/home/beebit/Documentos/etsiit/dai/p4/node_modules/mongoose/lib/query.js:2374:10)
    at model.Query._findOne (/home/beebit/Documentos/etsiit/dai/p4/node_modules/mongoose/lib/query.js:2697:8)
    at model.Query.exec (/home/beebit/Documentos/etsiit/dai/p4/node_modules/mongoose/lib/query.js:4627:80)
    at processTicksAndRejections (node:internal/process/task_queues:105:5)
    at obtenerProductoPorId (/home/beebit/Documentos/etsiit/dai/p4/controllers/productosController.js:273:22)
2025-11-16 23:25:13 [warn]: ID de producto inválido: id-invalido-123
2025-11-16 23:25:13 [warn]: GET /api/productos/id-invalido-123 400 - 2ms
2025-11-16 23:25:13 [info]: PUT /api/productos/691a4f49e6a7eb535d80a0d2 - Actualizando producto
2025-11-16 23:25:13 [info]: Producto actualizado: Producto Test Jest (691a4f49e6a7eb535d80a0d2) - Precio: 99.99€ → 45.99€ | Sufijo: €/ud. → €/ud.
2025-11-16 23:25:13 [info]: PUT /api/productos/691a4f49e6a7eb535d80a0d2 200 - 5ms
2025-11-16 23:25:13 [info]: PUT /api/productos/691a4f49e6a7eb535d80a0d2 - Actualizando producto
2025-11-16 23:25:13 [warn]: Precio inválido para actualización: abc
2025-11-16 23:25:13 [warn]: PUT /api/productos/691a4f49e6a7eb535d80a0d2 400 - 0ms
2025-11-16 23:25:13 [info]: PUT /api/productos/691a4f49e6a7eb535d80a0d2 - Actualizando producto
2025-11-16 23:25:13 [warn]: Precio inválido para actualización: -5
2025-11-16 23:25:13 [warn]: PUT /api/productos/691a4f49e6a7eb535d80a0d2 400 - 0ms
2025-11-16 23:25:13 [info]: PUT /api/productos/000000000000000000000000 - Actualizando producto
2025-11-16 23:25:13 [warn]: Producto no encontrado para actualizar: 000000000000000000000000
2025-11-16 23:25:13 [warn]: PUT /api/productos/000000000000000000000000 404 - 1ms
2025-11-16 23:25:13 [info]: PUT /api/productos/id-mal-formato - Actualizando producto
2025-11-16 23:25:13 [error]: Error al actualizar producto: Cast to ObjectId failed for value "id-mal-formato" (type string) at path "_id" for model "Producto"
CastError: Cast to ObjectId failed for value "id-mal-formato" (type string) at path "_id" for model "Producto"
    at SchemaObjectId.cast (/home/beebit/Documentos/etsiit/dai/p4/node_modules/mongoose/lib/schema/objectId.js:251:11)
    at SchemaObjectId.SchemaType.applySetters (/home/beebit/Documentos/etsiit/dai/p4/node_modules/mongoose/lib/schemaType.js:1259:12)
    at SchemaObjectId.SchemaType.castForQuery (/home/beebit/Documentos/etsiit/dai/p4/node_modules/mongoose/lib/schemaType.js:1695:17)
    at cast (/home/beebit/Documentos/etsiit/dai/p4/node_modules/mongoose/lib/cast.js:390:32)
    at model.Query.Query.cast (/home/beebit/Documentos/etsiit/dai/p4/node_modules/mongoose/lib/query.js:5060:12)
    at model.Query.Query._castConditions (/home/beebit/Documentos/etsiit/dai/p4/node_modules/mongoose/lib/query.js:2374:10)
    at model.Query._findOne (/home/beebit/Documentos/etsiit/dai/p4/node_modules/mongoose/lib/query.js:2697:8)
    at model.Query.exec (/home/beebit/Documentos/etsiit/dai/p4/node_modules/mongoose/lib/query.js:4627:80)
    at processTicksAndRejections (node:internal/process/task_queues:105:5)
    at actualizarProducto (/home/beebit/Documentos/etsiit/dai/p4/controllers/productosController.js:378:22)
2025-11-16 23:25:13 [warn]: ID de producto inválido: id-mal-formato
2025-11-16 23:25:13 [warn]: PUT /api/productos/id-mal-formato 400 - 1ms
2025-11-16 23:25:13 [info]: DELETE /api/productos/691a4f49e6a7eb535d80a0d9 - Eliminando producto
2025-11-16 23:25:13 [info]: Producto eliminado exitosamente: Producto para DELETE (691a4f49e6a7eb535d80a0d9)
2025-11-16 23:25:13 [info]: DELETE /api/productos/691a4f49e6a7eb535d80a0d9 200 - 2ms
2025-11-16 23:25:13 [info]: DELETE /api/productos/000000000000000000000000 - Eliminando producto
2025-11-16 23:25:13 [warn]: Producto no encontrado para eliminar: 000000000000000000000000
2025-11-16 23:25:13 [warn]: DELETE /api/productos/000000000000000000000000 404 - 1ms
2025-11-16 23:25:13 [info]: DELETE /api/productos/formato-invalido - Eliminando producto
2025-11-16 23:25:13 [error]: Error al eliminar producto: Cast to ObjectId failed for value "formato-invalido" (type string) at path "_id" for model "Producto"
CastError: Cast to ObjectId failed for value "formato-invalido" (type string) at path "_id" for model "Producto"
    at SchemaObjectId.cast (/home/beebit/Documentos/etsiit/dai/p4/node_modules/mongoose/lib/schema/objectId.js:251:11)
    at SchemaObjectId.SchemaType.applySetters (/home/beebit/Documentos/etsiit/dai/p4/node_modules/mongoose/lib/schemaType.js:1259:12)
    at SchemaObjectId.SchemaType.castForQuery (/home/beebit/Documentos/etsiit/dai/p4/node_modules/mongoose/lib/schemaType.js:1695:17)
    at cast (/home/beebit/Documentos/etsiit/dai/p4/node_modules/mongoose/lib/cast.js:390:32)
    at model.Query.Query.cast (/home/beebit/Documentos/etsiit/dai/p4/node_modules/mongoose/lib/query.js:5060:12)
    at model.Query.Query._castConditions (/home/beebit/Documentos/etsiit/dai/p4/node_modules/mongoose/lib/query.js:2374:10)
    at model.Query._findOneAndDelete (/home/beebit/Documentos/etsiit/dai/p4/node_modules/mongoose/lib/query.js:3616:8)
    at model.Query.exec (/home/beebit/Documentos/etsiit/dai/p4/node_modules/mongoose/lib/query.js:4627:80)
    at processTicksAndRejections (node:internal/process/task_queues:105:5)
    at eliminarProducto (/home/beebit/Documentos/etsiit/dai/p4/controllers/productosController.js:429:22)
2025-11-16 23:25:13 [warn]: ID de producto inválido: formato-invalido
2025-11-16 23:25:13 [warn]: DELETE /api/productos/formato-invalido 400 - 1ms
2025-11-16 23:25:13 [info]: POST /api/productos - Creando nuevo producto
2025-11-16 23:25:13 [info]: Producto creado exitosamente: Producto CRUD Completo (691a4f49e6a7eb535d80a0de)
2025-11-16 23:25:13 [info]: POST /api/productos 201 - 2ms
2025-11-16 23:25:13 [info]: GET /api/productos/691a4f49e6a7eb535d80a0de - Obteniendo producto por ID
2025-11-16 23:25:13 [info]: Producto obtenido exitosamente: Producto CRUD Completo (691a4f49e6a7eb535d80a0de)
2025-11-16 23:25:13 [info]: GET /api/productos/691a4f49e6a7eb535d80a0de 200 - 1ms
2025-11-16 23:25:13 [info]: PUT /api/productos/691a4f49e6a7eb535d80a0de - Actualizando producto
2025-11-16 23:25:13 [info]: Producto actualizado: Producto CRUD Completo (691a4f49e6a7eb535d80a0de) - Precio: 100€ → 150€ | Sufijo: €/ud. → €/ud.
2025-11-16 23:25:13 [info]: PUT /api/productos/691a4f49e6a7eb535d80a0de 200 - 2ms
2025-11-16 23:25:13 [info]: DELETE /api/productos/691a4f49e6a7eb535d80a0de - Eliminando producto
2025-11-16 23:25:13 [info]: Producto eliminado exitosamente: Producto CRUD Completo (691a4f49e6a7eb535d80a0de)
2025-11-16 23:25:13 [info]: DELETE /api/productos/691a4f49e6a7eb535d80a0de 200 - 1ms
2025-11-16 23:25:13 [info]: GET /api/productos/691a4f49e6a7eb535d80a0de - Obteniendo producto por ID
2025-11-16 23:25:13 [warn]: Producto no encontrado: 691a4f49e6a7eb535d80a0de
2025-11-16 23:25:13 [warn]: GET /api/productos/691a4f49e6a7eb535d80a0de 404 - 2ms
2025-11-16 23:30:40 [info]: Servidor ejecutándose en http://localhost:8000
2025-11-16 23:30:43 [info]: GET / 200 - 41ms
2025-11-16 23:30:43 [info]: GET /static/bootstrap-icons/bootstrap-icons.css 304 - 3ms
2025-11-16 23:30:43 [info]: GET /static/css/style.css 304 - 2ms
2025-11-16 23:30:43 [info]: GET /static/js/search.js 200 - 2ms
2025-11-16 23:30:43 [info]: GET /static/js/carrito.js 304 - 2ms
2025-11-16 23:30:44 [info]: GET /static/bootstrap-icons/fonts/bootstrap-icons.woff2?e34853135f9e39acf64315236852cd5a 304 - 1ms
2025-11-16 23:30:44 [info]: GET /static/js/carrito.js 304 - 1ms
2025-11-16 23:30:44 [info]: GET /static/js/search.js 200 - 1ms
2025-11-16 23:30:51 [info]: GET /api-docs 301 - 2ms
2025-11-16 23:30:51 [info]: GET /api-docs/ 200 - 1ms
2025-11-16 23:30:51 [info]: GET /api-docs/swagger-ui.css 200 - 2ms
2025-11-16 23:30:51 [info]: GET /api-docs/swagger-ui-standalone-preset.js 200 - 2ms
2025-11-16 23:30:51 [info]: GET /api-docs/swagger-ui-bundle.js 200 - 4ms
2025-11-16 23:30:51 [info]: GET /api-docs/swagger-ui-init.js 200 - 0ms
2025-11-16 23:30:51 [info]: GET /api-docs/swagger-ui-init.js 200 - 0ms
2025-11-16 23:30:51 [info]: GET /api-docs/swagger-ui-standalone-preset.js 200 - 4ms
2025-11-16 23:30:51 [info]: GET /api-docs/swagger-ui-bundle.js 200 - 8ms
2025-11-16 23:30:51 [info]: GET /api-docs/favicon-32x32.png 200 - 0ms
2025-11-16 23:31:41 [info]: GET / 200 - 15ms
2025-11-16 23:31:41 [info]: GET /static/bootstrap-icons/bootstrap-icons.css 304 - 0ms
2025-11-16 23:31:41 [info]: GET /static/css/style.css 304 - 1ms
2025-11-16 23:31:41 [info]: GET /static/js/search.js 304 - 1ms
2025-11-16 23:31:41 [info]: GET /static/js/carrito.js 304 - 0ms
2025-11-16 23:31:41 [info]: GET /static/bootstrap-icons/fonts/bootstrap-icons.woff2?e34853135f9e39acf64315236852cd5a 304 - 0ms
2025-11-16 23:31:43 [info]: POST /api/carrito/agregar/691a4ed07dccc168d76cf507 200 - 4ms
2025-11-16 23:31:44 [info]: GET /carrito 200 - 16ms
2025-11-16 23:31:44 [info]: GET /static/bootstrap-icons/bootstrap-icons.css 304 - 1ms
2025-11-16 23:31:44 [info]: GET /static/css/style.css 304 - 0ms
2025-11-16 23:31:44 [info]: GET /static/js/search.js 304 - 0ms
2025-11-16 23:31:44 [info]: GET /static/js/carrito.js 304 - 1ms
2025-11-16 23:31:44 [info]: GET /static/bootstrap-icons/fonts/bootstrap-icons.woff2?e34853135f9e39acf64315236852cd5a 304 - 0ms
2025-11-16 23:31:44 [info]: GET /static/js/search.js 304 - 0ms
2025-11-16 23:31:44 [info]: GET /static/js/carrito.js 304 - 1ms
2025-11-16 23:31:46 [info]: POST /api/carrito/incrementar/691a4ed07dccc168d76cf507 200 - 1ms
2025-11-16 23:31:46 [info]: POST /api/carrito/incrementar/691a4ed07dccc168d76cf507 200 - 1ms
2025-11-16 23:31:47 [info]: POST /api/carrito/incrementar/691a4ed07dccc168d76cf507 200 - 0ms
2025-11-16 23:31:47 [info]: POST /api/carrito/eliminar/691a4ed07dccc168d76cf507 200 - 1ms
2025-11-16 23:31:48 [info]: GET /carrito 200 - 15ms
2025-11-16 23:31:48 [info]: GET /static/bootstrap-icons/bootstrap-icons.css 304 - 0ms
2025-11-16 23:31:48 [info]: GET /static/css/style.css 304 - 1ms
2025-11-16 23:31:48 [info]: GET /static/js/search.js 304 - 1ms
2025-11-16 23:31:48 [info]: GET /static/js/carrito.js 304 - 1ms
2025-11-16 23:31:48 [info]: GET /static/js/search.js 304 - 0ms
2025-11-16 23:31:48 [info]: GET /static/js/carrito.js 304 - 1ms
2025-11-16 23:31:49 [info]: GET /productos 200 - 37ms
2025-11-16 23:31:49 [info]: GET /static/bootstrap-icons/bootstrap-icons.css 304 - 0ms
2025-11-16 23:31:49 [info]: GET /static/css/style.css 304 - 0ms
2025-11-16 23:31:49 [info]: GET /static/js/search.js 304 - 1ms
2025-11-16 23:31:49 [info]: GET /static/js/carrito.js 304 - 1ms
2025-11-16 23:31:49 [info]: GET /static/js/lazy-loading.js 200 - 1ms
2025-11-16 23:31:49 [info]: GET /static/js/search.js 304 - 0ms
2025-11-16 23:31:49 [info]: GET /static/js/carrito.js 304 - 0ms
2025-11-16 23:31:49 [info]: GET /static/js/lazy-loading.js 200 - 1ms
2025-11-16 23:31:49 [info]: GET /usuarios/login 200 - 4ms
2025-11-16 23:31:49 [info]: GET /static/bootstrap-icons/bootstrap-icons.css 304 - 0ms
2025-11-16 23:31:49 [info]: GET /static/css/style.css 304 - 1ms
2025-11-16 23:31:49 [info]: GET /static/js/search.js 304 - 1ms
2025-11-16 23:31:49 [info]: GET /static/js/carrito.js 304 - 1ms
2025-11-16 23:31:49 [info]: GET /static/js/search.js 304 - 1ms
2025-11-16 23:31:49 [info]: GET /static/js/carrito.js 304 - 1ms
2025-11-16 23:31:53 [info]: POST /usuarios/login 302 - 61ms
2025-11-16 23:31:53 [info]: GET / 200 - 9ms
2025-11-16 23:31:54 [info]: GET /static/bootstrap-icons/bootstrap-icons.css 304 - 0ms
2025-11-16 23:31:54 [info]: GET /static/css/style.css 304 - 2ms
2025-11-16 23:31:54 [info]: GET /static/js/search.js 304 - 1ms
2025-11-16 23:31:54 [info]: GET /static/js/carrito.js 304 - 1ms
2025-11-16 23:31:54 [info]: GET /static/js/admin.js 200 - 1ms
2025-11-16 23:31:54 [info]: GET /static/js/search.js 304 - 1ms
2025-11-16 23:31:54 [info]: GET /static/js/carrito.js 304 - 1ms
2025-11-16 23:31:54 [info]: GET /static/js/admin.js 200 - 3ms
2025-11-16 23:31:58 [info]: GET /api/productos/691a4ed07dccc168d76cf4a4 - Obteniendo producto por ID
2025-11-16 23:31:58 [info]: Producto obtenido exitosamente: Sal fina de mesa Hacendado (691a4ed07dccc168d76cf4a4)
2025-11-16 23:31:58 [info]: GET /api/productos/691a4ed07dccc168d76cf4a4 200 - 7ms
2025-11-16 23:32:07 [info]: GET /productos 200 - 27ms
2025-11-16 23:32:07 [info]: GET /static/bootstrap-icons/bootstrap-icons.css 304 - 0ms
2025-11-16 23:32:07 [info]: GET /static/css/style.css 304 - 1ms
2025-11-16 23:32:07 [info]: GET /static/js/carrito.js 304 - 1ms
2025-11-16 23:32:07 [info]: GET /static/js/search.js 304 - 0ms
2025-11-16 23:32:07 [info]: GET /static/js/admin.js 304 - 1ms
2025-11-16 23:32:07 [info]: GET /static/js/lazy-loading.js 304 - 0ms
2025-11-16 23:32:09 [info]: GET /api/productos/691a4ed07dccc168d76cf48d - Obteniendo producto por ID
2025-11-16 23:32:09 [info]: Producto obtenido exitosamente: Aceite de oliva 0,4º Hacendado (691a4ed07dccc168d76cf48d)
2025-11-16 23:32:09 [info]: GET /api/productos/691a4ed07dccc168d76cf48d 200 - 6ms
2025-11-16 23:32:13 [info]: PUT /api/productos/691a4ed07dccc168d76cf48d/precio 200 - 31ms
2025-11-16 23:32:13 [info]: GET /productos 200 - 11ms
2025-11-16 23:32:13 [info]: GET /static/bootstrap-icons/bootstrap-icons.css 304 - 0ms
2025-11-16 23:32:13 [info]: GET /static/css/style.css 304 - 0ms
2025-11-16 23:32:13 [info]: GET /static/js/search.js 304 - 1ms
2025-11-16 23:32:13 [info]: GET /static/js/carrito.js 304 - 1ms
2025-11-16 23:32:13 [info]: GET /static/js/admin.js 304 - 0ms
2025-11-16 23:32:13 [info]: GET /static/js/lazy-loading.js 304 - 0ms
2025-11-16 23:32:15 [info]: GET /api/productos/691a4ed07dccc168d76cf48e - Obteniendo producto por ID
2025-11-16 23:32:15 [info]: Producto obtenido exitosamente: Aceite de oliva 0,4º Hacendado (691a4ed07dccc168d76cf48e)
2025-11-16 23:32:15 [info]: GET /api/productos/691a4ed07dccc168d76cf48e 200 - 6ms
2025-11-16 23:32:19 [info]: PUT /api/productos/691a4ed07dccc168d76cf48e/precio 200 - 10ms
2025-11-16 23:32:19 [info]: GET /productos 200 - 20ms
2025-11-16 23:32:19 [info]: GET /static/bootstrap-icons/bootstrap-icons.css 304 - 1ms
2025-11-16 23:32:19 [info]: GET /static/css/style.css 304 - 1ms
2025-11-16 23:32:19 [info]: GET /static/js/search.js 304 - 1ms
2025-11-16 23:32:19 [info]: GET /static/js/carrito.js 304 - 0ms
2025-11-16 23:32:19 [info]: GET /static/js/admin.js 304 - 1ms
2025-11-16 23:32:19 [info]: GET /static/js/lazy-loading.js 304 - 0ms
2025-11-16 23:32:21 [info]: GET /api/productos/691a4ed07dccc168d76cf48f - Obteniendo producto por ID
2025-11-16 23:32:21 [info]: Producto obtenido exitosamente: Aceite de oliva virgen extra Hacendado (691a4ed07dccc168d76cf48f)
2025-11-16 23:32:21 [info]: GET /api/productos/691a4ed07dccc168d76cf48f 200 - 2ms
2025-11-16 23:32:24 [info]: PUT /api/productos/691a4ed07dccc168d76cf48f/precio 200 - 9ms
2025-11-16 23:32:24 [info]: GET /productos 200 - 11ms
2025-11-16 23:32:24 [info]: GET /static/bootstrap-icons/bootstrap-icons.css 304 - 0ms
2025-11-16 23:32:24 [info]: GET /static/css/style.css 304 - 1ms
2025-11-16 23:32:24 [info]: GET /static/js/search.js 304 - 1ms
2025-11-16 23:32:24 [info]: GET /static/js/carrito.js 304 - 3ms
2025-11-16 23:32:24 [info]: GET /static/js/admin.js 304 - 1ms
2025-11-16 23:32:24 [info]: GET /static/js/lazy-loading.js 304 - 2ms
2025-11-16 23:32:27 [info]: GET /productos?categoria=Test 200 - 9ms
2025-11-16 23:32:27 [info]: GET /static/bootstrap-icons/bootstrap-icons.css 304 - 0ms
2025-11-16 23:32:27 [info]: GET /static/css/style.css 304 - 1ms
2025-11-16 23:32:27 [info]: GET /static/js/search.js 304 - 1ms
2025-11-16 23:32:27 [info]: GET /static/js/carrito.js 304 - 1ms
2025-11-16 23:32:27 [info]: GET /static/js/admin.js 304 - 1ms
2025-11-16 23:32:27 [info]: GET /static/js/lazy-loading.js 304 - 1ms
2025-11-16 23:32:29 [info]: GET /productos?categoria=Frutos%20secos%20y%20fruta%20desecada 200 - 30ms
2025-11-16 23:32:29 [info]: GET /static/bootstrap-icons/bootstrap-icons.css 304 - 0ms
2025-11-16 23:32:29 [info]: GET /static/css/style.css 304 - 2ms
2025-11-16 23:32:29 [info]: GET /static/js/search.js 304 - 1ms
2025-11-16 23:32:29 [info]: GET /static/js/carrito.js 304 - 1ms
2025-11-16 23:32:29 [info]: GET /static/js/admin.js 304 - 4ms
2025-11-16 23:32:29 [info]: GET /static/js/lazy-loading.js 304 - 2ms
2025-11-16 23:32:30 [info]: GET /productos?categoria=Az%C3%BAcar%20y%20edulcorante 200 - 26ms
2025-11-16 23:32:30 [info]: GET /static/bootstrap-icons/bootstrap-icons.css 304 - 0ms
2025-11-16 23:32:30 [info]: GET /static/css/style.css 304 - 1ms
2025-11-16 23:32:30 [info]: GET /static/js/search.js 304 - 1ms
2025-11-16 23:32:30 [info]: GET /static/js/carrito.js 304 - 1ms
2025-11-16 23:32:30 [info]: GET /static/js/admin.js 304 - 1ms
2025-11-16 23:32:30 [info]: GET /static/js/lazy-loading.js 304 - 0ms
2025-11-16 23:32:31 [info]: GET /productos?categoria=Aceite,%20vinagre%20y%20sal 200 - 24ms
2025-11-16 23:32:31 [info]: GET /static/bootstrap-icons/bootstrap-icons.css 304 - 0ms
2025-11-16 23:32:31 [info]: GET /static/css/style.css 304 - 2ms
2025-11-16 23:32:31 [info]: GET /static/js/search.js 304 - 2ms
2025-11-16 23:32:31 [info]: GET /static/js/carrito.js 304 - 1ms
2025-11-16 23:32:31 [info]: GET /static/js/admin.js 304 - 1ms
2025-11-16 23:32:31 [info]: GET /static/js/lazy-loading.js 304 - 1ms
2025-11-16 23:32:32 [info]: GET /productos?categoria=Test 304 - 21ms
2025-11-16 23:32:32 [info]: GET /static/bootstrap-icons/bootstrap-icons.css 304 - 0ms
2025-11-16 23:32:32 [info]: GET /static/css/style.css 304 - 1ms
2025-11-16 23:32:32 [info]: GET /static/js/search.js 304 - 2ms
2025-11-16 23:32:32 [info]: GET /static/js/carrito.js 304 - 1ms
2025-11-16 23:32:32 [info]: GET /static/js/admin.js 304 - 1ms
2025-11-16 23:32:32 [info]: GET /static/js/lazy-loading.js 304 - 3ms
2025-11-16 23:32:32 [info]: GET /producto/691a4ed64bf5df32ddf405f3 200 - 22ms
2025-11-16 23:32:32 [info]: GET /static/bootstrap-icons/bootstrap-icons.css 304 - 0ms
2025-11-16 23:32:32 [info]: GET /static/css/style.css 304 - 1ms
2025-11-16 23:32:32 [info]: GET /static/js/search.js 304 - 1ms
2025-11-16 23:32:32 [info]: GET /static/js/carrito.js 304 - 1ms
2025-11-16 23:32:32 [info]: GET /static/js/admin.js 304 - 0ms
2025-11-16 23:32:40 [info]: GET /api/productos 200 - 18ms
2025-11-16 23:32:40 [info]: GET /api/productos?pagina=1&limite=5 200 - 5ms
2025-11-16 23:32:40 [info]: GET /api/productos?categoria=Aceite,%20vinagre%20y%20sal 200 - 5ms
2025-11-16 23:32:40 [info]: POST /api/productos - Creando nuevo producto
2025-11-16 23:32:40 [info]: Producto creado exitosamente: Producto Test Jest (691a510894830a7b77cc21e4)
2025-11-16 23:32:40 [info]: POST /api/productos 201 - 9ms
2025-11-16 23:32:40 [info]: POST /api/productos - Creando nuevo producto
2025-11-16 23:32:40 [warn]: Intento de crear producto sin nombre o precio
2025-11-16 23:32:40 [warn]: POST /api/productos 400 - 1ms
2025-11-16 23:32:40 [info]: POST /api/productos - Creando nuevo producto
2025-11-16 23:32:40 [warn]: Intento de crear producto sin nombre o precio
2025-11-16 23:32:40 [warn]: POST /api/productos 400 - 1ms
2025-11-16 23:32:40 [info]: POST /api/productos - Creando nuevo producto
2025-11-16 23:32:40 [warn]: Precio inválido: -10
2025-11-16 23:32:40 [warn]: POST /api/productos 400 - 0ms
2025-11-16 23:32:40 [info]: POST /api/productos - Creando nuevo producto
2025-11-16 23:32:40 [warn]: Precio inválido: no-es-numero
2025-11-16 23:32:40 [warn]: POST /api/productos 400 - 1ms
2025-11-16 23:32:40 [info]: GET /api/productos/691a510894830a7b77cc21e4 - Obteniendo producto por ID
2025-11-16 23:32:40 [info]: Producto obtenido exitosamente: Producto Test Jest (691a510894830a7b77cc21e4)
2025-11-16 23:32:40 [info]: GET /api/productos/691a510894830a7b77cc21e4 200 - 3ms
2025-11-16 23:32:40 [info]: GET /api/productos/000000000000000000000000 - Obteniendo producto por ID
2025-11-16 23:32:40 [warn]: Producto no encontrado: 000000000000000000000000
2025-11-16 23:32:40 [warn]: GET /api/productos/000000000000000000000000 404 - 2ms
2025-11-16 23:32:40 [info]: GET /api/productos/id-invalido-123 - Obteniendo producto por ID
2025-11-16 23:32:40 [error]: Error al obtener producto: Cast to ObjectId failed for value "id-invalido-123" (type string) at path "_id" for model "Producto"
CastError: Cast to ObjectId failed for value "id-invalido-123" (type string) at path "_id" for model "Producto"
    at SchemaObjectId.cast (/home/beebit/Documentos/etsiit/dai/p4/node_modules/mongoose/lib/schema/objectId.js:251:11)
    at SchemaObjectId.SchemaType.applySetters (/home/beebit/Documentos/etsiit/dai/p4/node_modules/mongoose/lib/schemaType.js:1259:12)
    at SchemaObjectId.SchemaType.castForQuery (/home/beebit/Documentos/etsiit/dai/p4/node_modules/mongoose/lib/schemaType.js:1695:17)
    at cast (/home/beebit/Documentos/etsiit/dai/p4/node_modules/mongoose/lib/cast.js:390:32)
    at model.Query.Query.cast (/home/beebit/Documentos/etsiit/dai/p4/node_modules/mongoose/lib/query.js:5060:12)
    at model.Query.Query._castConditions (/home/beebit/Documentos/etsiit/dai/p4/node_modules/mongoose/lib/query.js:2374:10)
    at model.Query._findOne (/home/beebit/Documentos/etsiit/dai/p4/node_modules/mongoose/lib/query.js:2697:8)
    at model.Query.exec (/home/beebit/Documentos/etsiit/dai/p4/node_modules/mongoose/lib/query.js:4627:80)
    at processTicksAndRejections (node:internal/process/task_queues:105:5)
    at obtenerProductoPorId (/home/beebit/Documentos/etsiit/dai/p4/controllers/productosController.js:273:22)
2025-11-16 23:32:40 [warn]: ID de producto inválido: id-invalido-123
2025-11-16 23:32:40 [warn]: GET /api/productos/id-invalido-123 400 - 2ms
2025-11-16 23:32:40 [info]: PUT /api/productos/691a510894830a7b77cc21e4 - Actualizando producto
2025-11-16 23:32:40 [info]: Producto actualizado: Producto Test Jest (691a510894830a7b77cc21e4) - Precio: 99.99€ → 45.99€ | Sufijo: €/ud. → €/ud.
2025-11-16 23:32:40 [info]: PUT /api/productos/691a510894830a7b77cc21e4 200 - 4ms
2025-11-16 23:32:40 [info]: PUT /api/productos/691a510894830a7b77cc21e4 - Actualizando producto
2025-11-16 23:32:40 [warn]: Precio inválido para actualización: abc
2025-11-16 23:32:40 [warn]: PUT /api/productos/691a510894830a7b77cc21e4 400 - 0ms
2025-11-16 23:32:40 [info]: PUT /api/productos/691a510894830a7b77cc21e4 - Actualizando producto
2025-11-16 23:32:40 [warn]: Precio inválido para actualización: -5
2025-11-16 23:32:40 [warn]: PUT /api/productos/691a510894830a7b77cc21e4 400 - 0ms
2025-11-16 23:32:40 [info]: PUT /api/productos/000000000000000000000000 - Actualizando producto
2025-11-16 23:32:40 [warn]: Producto no encontrado para actualizar: 000000000000000000000000
2025-11-16 23:32:40 [warn]: PUT /api/productos/000000000000000000000000 404 - 1ms
2025-11-16 23:32:40 [info]: PUT /api/productos/id-mal-formato - Actualizando producto
2025-11-16 23:32:40 [error]: Error al actualizar producto: Cast to ObjectId failed for value "id-mal-formato" (type string) at path "_id" for model "Producto"
CastError: Cast to ObjectId failed for value "id-mal-formato" (type string) at path "_id" for model "Producto"
    at SchemaObjectId.cast (/home/beebit/Documentos/etsiit/dai/p4/node_modules/mongoose/lib/schema/objectId.js:251:11)
    at SchemaObjectId.SchemaType.applySetters (/home/beebit/Documentos/etsiit/dai/p4/node_modules/mongoose/lib/schemaType.js:1259:12)
    at SchemaObjectId.SchemaType.castForQuery (/home/beebit/Documentos/etsiit/dai/p4/node_modules/mongoose/lib/schemaType.js:1695:17)
    at cast (/home/beebit/Documentos/etsiit/dai/p4/node_modules/mongoose/lib/cast.js:390:32)
    at model.Query.Query.cast (/home/beebit/Documentos/etsiit/dai/p4/node_modules/mongoose/lib/query.js:5060:12)
    at model.Query.Query._castConditions (/home/beebit/Documentos/etsiit/dai/p4/node_modules/mongoose/lib/query.js:2374:10)
    at model.Query._findOne (/home/beebit/Documentos/etsiit/dai/p4/node_modules/mongoose/lib/query.js:2697:8)
    at model.Query.exec (/home/beebit/Documentos/etsiit/dai/p4/node_modules/mongoose/lib/query.js:4627:80)
    at processTicksAndRejections (node:internal/process/task_queues:105:5)
    at actualizarProducto (/home/beebit/Documentos/etsiit/dai/p4/controllers/productosController.js:378:22)
2025-11-16 23:32:40 [warn]: ID de producto inválido: id-mal-formato
2025-11-16 23:32:40 [warn]: PUT /api/productos/id-mal-formato 400 - 1ms
2025-11-16 23:32:40 [info]: DELETE /api/productos/691a510894830a7b77cc21eb - Eliminando producto
2025-11-16 23:32:40 [info]: Producto eliminado exitosamente: Producto para DELETE (691a510894830a7b77cc21eb)
2025-11-16 23:32:40 [info]: DELETE /api/productos/691a510894830a7b77cc21eb 200 - 2ms
2025-11-16 23:32:40 [info]: DELETE /api/productos/000000000000000000000000 - Eliminando producto
2025-11-16 23:32:40 [warn]: Producto no encontrado para eliminar: 000000000000000000000000
2025-11-16 23:32:40 [warn]: DELETE /api/productos/000000000000000000000000 404 - 2ms
2025-11-16 23:32:40 [info]: DELETE /api/productos/formato-invalido - Eliminando producto
2025-11-16 23:32:40 [error]: Error al eliminar producto: Cast to ObjectId failed for value "formato-invalido" (type string) at path "_id" for model "Producto"
CastError: Cast to ObjectId failed for value "formato-invalido" (type string) at path "_id" for model "Producto"
    at SchemaObjectId.cast (/home/beebit/Documentos/etsiit/dai/p4/node_modules/mongoose/lib/schema/objectId.js:251:11)
    at SchemaObjectId.SchemaType.applySetters (/home/beebit/Documentos/etsiit/dai/p4/node_modules/mongoose/lib/schemaType.js:1259:12)
    at SchemaObjectId.SchemaType.castForQuery (/home/beebit/Documentos/etsiit/dai/p4/node_modules/mongoose/lib/schemaType.js:1695:17)
    at cast (/home/beebit/Documentos/etsiit/dai/p4/node_modules/mongoose/lib/cast.js:390:32)
    at model.Query.Query.cast (/home/beebit/Documentos/etsiit/dai/p4/node_modules/mongoose/lib/query.js:5060:12)
    at model.Query.Query._castConditions (/home/beebit/Documentos/etsiit/dai/p4/node_modules/mongoose/lib/query.js:2374:10)
    at model.Query._findOneAndDelete (/home/beebit/Documentos/etsiit/dai/p4/node_modules/mongoose/lib/query.js:3616:8)
    at model.Query.exec (/home/beebit/Documentos/etsiit/dai/p4/node_modules/mongoose/lib/query.js:4627:80)
    at processTicksAndRejections (node:internal/process/task_queues:105:5)
    at eliminarProducto (/home/beebit/Documentos/etsiit/dai/p4/controllers/productosController.js:429:22)
2025-11-16 23:32:40 [warn]: ID de producto inválido: formato-invalido
2025-11-16 23:32:40 [warn]: DELETE /api/productos/formato-invalido 400 - 1ms
2025-11-16 23:32:40 [info]: POST /api/productos - Creando nuevo producto
2025-11-16 23:32:40 [info]: Producto creado exitosamente: Producto CRUD Completo (691a510894830a7b77cc21f0)
2025-11-16 23:32:40 [info]: POST /api/productos 201 - 2ms
2025-11-16 23:32:40 [info]: GET /api/productos/691a510894830a7b77cc21f0 - Obteniendo producto por ID
2025-11-16 23:32:40 [info]: Producto obtenido exitosamente: Producto CRUD Completo (691a510894830a7b77cc21f0)
2025-11-16 23:32:40 [info]: GET /api/productos/691a510894830a7b77cc21f0 200 - 1ms
2025-11-16 23:32:40 [info]: PUT /api/productos/691a510894830a7b77cc21f0 - Actualizando producto
2025-11-16 23:32:40 [info]: Producto actualizado: Producto CRUD Completo (691a510894830a7b77cc21f0) - Precio: 100€ → 150€ | Sufijo: €/ud. → €/ud.
2025-11-16 23:32:40 [info]: PUT /api/productos/691a510894830a7b77cc21f0 200 - 4ms
2025-11-16 23:32:40 [info]: DELETE /api/productos/691a510894830a7b77cc21f0 - Eliminando producto
2025-11-16 23:32:40 [info]: Producto eliminado exitosamente: Producto CRUD Completo (691a510894830a7b77cc21f0)
2025-11-16 23:32:40 [info]: DELETE /api/productos/691a510894830a7b77cc21f0 200 - 2ms
2025-11-16 23:32:40 [info]: GET /api/productos/691a510894830a7b77cc21f0 - Obteniendo producto por ID
2025-11-16 23:32:40 [warn]: Producto no encontrado: 691a510894830a7b77cc21f0
2025-11-16 23:32:40 [warn]: GET /api/productos/691a510894830a7b77cc21f0 404 - 1ms
